nohup: input ignorato
[P0.3 ETL] Loading fold assignments from /home/atogni/Scrivania/rongowai-earth-surface-classifier/rework/results/p0_1_flight_index.parquet
[P0.3 ETL] 7293 flights in index.
[P0.3 ETL] Loading encoder from /home/atogni/Scrivania/rongowai-earth-surface-classifier/geo_k/raw_counts/encoder_enh.pth (device=cpu)
[P0.3 ETL] Opened writer for split 'train_cv' → /home/atogni/Scrivania/rongowai-earth-surface-classifier/rework/results/p0_3_features/train_cv.parquet
[P0.3 ETL] Opened writer for split 'val_geographic_holdout' → /home/atogni/Scrivania/rongowai-earth-surface-classifier/rework/results/p0_3_features/val_geographic_holdout.parquet
[P0.3 ETL] 10 flights | 41245 samples | 0.42 flights/s | 24.0s elapsed
[P0.3 ETL] 20 flights | 75836 samples | 0.43 flights/s | 46.9s elapsed
[P0.3 ETL] 30 flights | 95883 samples | 0.48 flights/s | 62.6s elapsed
[P0.3 ETL] 40 flights | 146544 samples | 0.40 flights/s | 99.8s elapsed
[P0.3 ETL] 50 flights | 210504 samples | 0.34 flights/s | 147.9s elapsed
[P0.3 ETL] 60 flights | 260899 samples | 0.33 flights/s | 181.9s elapsed
[P0.3 ETL] 70 flights | 291828 samples | 0.34 flights/s | 204.6s elapsed
[P0.3 ETL] 80 flights | 340847 samples | 0.34 flights/s | 238.3s elapsed
[P0.3 ETL] 90 flights | 373294 samples | 0.34 flights/s | 261.2s elapsed
[P0.3 ETL] 100 flights | 439667 samples | 0.33 flights/s | 307.1s elapsed
[P0.3 ETL] 110 flights | 481398 samples | 0.33 flights/s | 337.2s elapsed
[P0.3 ETL] 120 flights | 515118 samples | 0.33 flights/s | 361.4s elapsed
[P0.3 ETL] 130 flights | 573893 samples | 0.32 flights/s | 403.9s elapsed
[P0.3 ETL] 140 flights | 596582 samples | 0.33 flights/s | 421.2s elapsed
[P0.3 ETL] 150 flights | 658435 samples | 0.33 flights/s | 459.9s elapsed
[P0.3 ETL] 160 flights | 697328 samples | 0.33 flights/s | 487.9s elapsed
[P0.3 ETL] 170 flights | 764342 samples | 0.32 flights/s | 529.8s elapsed
[P0.3 ETL] 180 flights | 841234 samples | 0.31 flights/s | 584.5s elapsed
[P0.3 ETL] 190 flights | 910972 samples | 0.30 flights/s | 628.3s elapsed
[P0.3 ETL] 200 flights | 943414 samples | 0.31 flights/s | 650.4s elapsed
[P0.3 ETL] 210 flights | 993208 samples | 0.31 flights/s | 687.0s elapsed
[P0.3 ETL] 220 flights | 1041609 samples | 0.30 flights/s | 723.0s elapsed
[P0.3 ETL] 230 flights | 1092582 samples | 0.30 flights/s | 757.9s elapsed
[P0.3 ETL] 240 flights | 1127638 samples | 0.31 flights/s | 782.0s elapsed
[P0.3 ETL] 250 flights | 1164321 samples | 0.31 flights/s | 808.4s elapsed
[P0.3 ETL] 260 flights | 1178114 samples | 0.32 flights/s | 819.3s elapsed
[P0.3 ETL] 270 flights | 1189998 samples | 0.33 flights/s | 829.3s elapsed
[P0.3 ETL] 280 flights | 1274029 samples | 0.32 flights/s | 885.7s elapsed
[P0.3 ETL] 290 flights | 1333048 samples | 0.31 flights/s | 928.5s elapsed
[P0.3 ETL] 300 flights | 1375819 samples | 0.31 flights/s | 962.4s elapsed
[P0.3 ETL] 310 flights | 1452192 samples | 0.31 flights/s | 1008.7s elapsed
[P0.3 ETL] 320 flights | 1480489 samples | 0.31 flights/s | 1030.1s elapsed
[P0.3 ETL] 330 flights | 1518192 samples | 0.31 flights/s | 1059.3s elapsed
[P0.3 ETL] 340 flights | 1576139 samples | 0.31 flights/s | 1100.8s elapsed
[P0.3 ETL] 350 flights | 1628836 samples | 0.31 flights/s | 1135.4s elapsed
[P0.3 ETL] 360 flights | 1689163 samples | 0.31 flights/s | 1172.7s elapsed
[P0.3 ETL] 370 flights | 1743789 samples | 0.31 flights/s | 1212.4s elapsed
[P0.3 ETL] 380 flights | 1791275 samples | 0.30 flights/s | 1247.3s elapsed
[P0.3 ETL] 390 flights | 1818001 samples | 0.31 flights/s | 1266.5s elapsed
[P0.3 ETL] 400 flights | 1852743 samples | 0.31 flights/s | 1292.2s elapsed
[P0.3 ETL] 410 flights | 1914775 samples | 0.31 flights/s | 1332.6s elapsed
[P0.3 ETL] 420 flights | 1946835 samples | 0.31 flights/s | 1355.2s elapsed
[P0.3 ETL] 430 flights | 2002011 samples | 0.31 flights/s | 1394.6s elapsed
[P0.3 ETL] 440 flights | 2044502 samples | 0.31 flights/s | 1423.5s elapsed
[P0.3 ETL] 450 flights | 2074025 samples | 0.31 flights/s | 1445.7s elapsed
[P0.3 ETL] 460 flights | 2100025 samples | 0.31 flights/s | 1464.9s elapsed
[P0.3 ETL] 470 flights | 2174671 samples | 0.31 flights/s | 1515.9s elapsed
[P0.3 ETL] 480 flights | 2206295 samples | 0.31 flights/s | 1539.5s elapsed
[P0.3 ETL] 490 flights | 2260198 samples | 0.31 flights/s | 1575.1s elapsed
[P0.3 ETL] 500 flights | 2340594 samples | 0.31 flights/s | 1633.7s elapsed
[P0.3 ETL] 510 flights | 2363846 samples | 0.31 flights/s | 1652.3s elapsed
[P0.3 ETL] 520 flights | 2412467 samples | 0.31 flights/s | 1688.8s elapsed
[P0.3 ETL] 530 flights | 2476812 samples | 0.31 flights/s | 1735.2s elapsed
[P0.3 ETL] 540 flights | 2516688 samples | 0.31 flights/s | 1763.8s elapsed
[P0.3 ETL] 550 flights | 2548971 samples | 0.31 flights/s | 1786.3s elapsed
[P0.3 ETL] 560 flights | 2581031 samples | 0.31 flights/s | 1810.5s elapsed
[P0.3 ETL] 570 flights | 2629223 samples | 0.31 flights/s | 1841.2s elapsed
[P0.3 ETL] 580 flights | 2683505 samples | 0.31 flights/s | 1876.7s elapsed
[P0.3 ETL] 590 flights | 2731359 samples | 0.31 flights/s | 1911.6s elapsed
[P0.3 ETL] 600 flights | 2771827 samples | 0.31 flights/s | 1941.1s elapsed
[P0.3 ETL] 610 flights | 2786550 samples | 0.31 flights/s | 1953.1s elapsed
[P0.3 ETL] 620 flights | 2819016 samples | 0.31 flights/s | 1976.1s elapsed
[P0.3 ETL] 630 flights | 2843886 samples | 0.32 flights/s | 1995.5s elapsed
[P0.3 ETL] 640 flights | 2920370 samples | 0.31 flights/s | 2052.1s elapsed
[P0.3 ETL] 650 flights | 2999034 samples | 0.31 flights/s | 2103.3s elapsed
[P0.3 ETL] 660 flights | 3061160 samples | 0.31 flights/s | 2148.5s elapsed
[P0.3 ETL] 670 flights | 3111415 samples | 0.31 flights/s | 2184.7s elapsed
[P0.3 ETL] 680 flights | 3142178 samples | 0.31 flights/s | 2208.1s elapsed
[P0.3 ETL] 690 flights | 3179339 samples | 0.31 flights/s | 2232.3s elapsed
[P0.3 ETL] 700 flights | 3240486 samples | 0.31 flights/s | 2273.8s elapsed
[P0.3 ETL] 710 flights | 3290570 samples | 0.31 flights/s | 2309.1s elapsed
[P0.3 ETL] 720 flights | 3329986 samples | 0.31 flights/s | 2338.6s elapsed
[P0.3 ETL] 730 flights | 3414950 samples | 0.30 flights/s | 2393.6s elapsed
[P0.3 ETL] 740 flights | 3447403 samples | 0.31 flights/s | 2417.9s elapsed
[P0.3 ETL] 750 flights | 3494420 samples | 0.31 flights/s | 2452.5s elapsed
[P0.3 ETL] 760 flights | 3562148 samples | 0.30 flights/s | 2502.7s elapsed
[P0.3 ETL] 770 flights | 3594289 samples | 0.30 flights/s | 2525.3s elapsed
[P0.3 ETL] 780 flights | 3642433 samples | 0.30 flights/s | 2560.6s elapsed
[P0.3 ETL] 790 flights | 3683436 samples | 0.30 flights/s | 2590.6s elapsed
[P0.3 ETL] 800 flights | 3707894 samples | 0.31 flights/s | 2609.3s elapsed
[P0.3 ETL] 810 flights | 3744063 samples | 0.31 flights/s | 2634.2s elapsed
[P0.3 ETL] 820 flights | 3802864 samples | 0.31 flights/s | 2676.6s elapsed
[P0.3 ETL] 830 flights | 3839457 samples | 0.31 flights/s | 2704.4s elapsed
[P0.3 ETL] 840 flights | 3879246 samples | 0.31 flights/s | 2734.8s elapsed
[P0.3 ETL] 850 flights | 3942722 samples | 0.31 flights/s | 2781.6s elapsed
[P0.3 ETL] 860 flights | 4032350 samples | 0.30 flights/s | 2846.3s elapsed
[P0.3 ETL] 870 flights | 4089312 samples | 0.30 flights/s | 2887.7s elapsed
[P0.3 ETL] 880 flights | 4136698 samples | 0.30 flights/s | 2922.8s elapsed
[P0.3 ETL] 890 flights | 4161261 samples | 0.30 flights/s | 2941.0s elapsed
[P0.3 ETL] 900 flights | 4196981 samples | 0.30 flights/s | 2967.0s elapsed
[P0.3 ETL] 910 flights | 4233312 samples | 0.30 flights/s | 2994.4s elapsed
[P0.3 ETL] 920 flights | 4300027 samples | 0.30 flights/s | 3044.1s elapsed
[P0.3 ETL] 930 flights | 4329425 samples | 0.30 flights/s | 3065.8s elapsed
[P0.3 ETL] 940 flights | 4375819 samples | 0.30 flights/s | 3096.1s elapsed
[P0.3 ETL] 950 flights | 4429662 samples | 0.30 flights/s | 3134.0s elapsed
[P0.3 ETL] 960 flights | 4470445 samples | 0.30 flights/s | 3163.4s elapsed
[P0.3 ETL] 970 flights | 4507456 samples | 0.30 flights/s | 3190.6s elapsed
[P0.3 ETL] 980 flights | 4563437 samples | 0.30 flights/s | 3227.7s elapsed
[P0.3 ETL] 990 flights | 4626929 samples | 0.30 flights/s | 3267.0s elapsed
[P0.3 ETL] 1000 flights | 4677828 samples | 0.30 flights/s | 3304.0s elapsed
[P0.3 ETL] 1010 flights | 4725430 samples | 0.30 flights/s | 3340.3s elapsed
[P0.3 ETL] 1020 flights | 4776697 samples | 0.30 flights/s | 3373.6s elapsed
[P0.3 ETL] 1030 flights | 4840249 samples | 0.30 flights/s | 3416.5s elapsed
[P0.3 ETL] 1040 flights | 4892874 samples | 0.30 flights/s | 3452.6s elapsed
[P0.3 ETL] 1050 flights | 4947589 samples | 0.30 flights/s | 3489.6s elapsed
[P0.3 ETL] 1060 flights | 4974870 samples | 0.30 flights/s | 3510.2s elapsed
[P0.3 ETL] 1070 flights | 5003413 samples | 0.30 flights/s | 3531.7s elapsed
[P0.3 ETL] 1080 flights | 5041781 samples | 0.30 flights/s | 3562.0s elapsed
[P0.3 ETL] 1090 flights | 5068137 samples | 0.30 flights/s | 3582.5s elapsed
[P0.3 ETL] 1100 flights | 5081430 samples | 0.31 flights/s | 3593.2s elapsed
[P0.3 ETL] 1110 flights | 5115382 samples | 0.31 flights/s | 3618.9s elapsed
[P0.3 ETL] 1120 flights | 5150136 samples | 0.31 flights/s | 3642.0s elapsed
[P0.3 ETL] 1130 flights | 5223541 samples | 0.31 flights/s | 3693.6s elapsed
[P0.3 ETL] 1140 flights | 5271824 samples | 0.31 flights/s | 3728.6s elapsed
[P0.3 ETL] 1150 flights | 5348835 samples | 0.30 flights/s | 3782.8s elapsed
[P0.3 ETL] 1160 flights | 5409300 samples | 0.30 flights/s | 3820.5s elapsed
[P0.3 ETL] 1170 flights | 5460491 samples | 0.30 flights/s | 3857.3s elapsed
[P0.3 ETL] 1180 flights | 5498309 samples | 0.30 flights/s | 3884.6s elapsed
[P0.3 ETL] 1190 flights | 5567721 samples | 0.30 flights/s | 3930.4s elapsed
[P0.3 ETL] 1200 flights | 5603191 samples | 0.30 flights/s | 3956.5s elapsed
[P0.3 ETL] 1210 flights | 5622133 samples | 0.30 flights/s | 3972.3s elapsed
[P0.3 ETL] 1220 flights | 5677073 samples | 0.30 flights/s | 4013.2s elapsed
[P0.3 ETL] 1230 flights | 5741092 samples | 0.30 flights/s | 4060.6s elapsed
[P0.3 ETL] 1240 flights | 5777412 samples | 0.30 flights/s | 4087.6s elapsed
[P0.3 ETL] 1250 flights | 5796756 samples | 0.30 flights/s | 4102.8s elapsed
[P0.3 ETL] 1260 flights | 5836300 samples | 0.30 flights/s | 4132.7s elapsed
[P0.3 ETL] 1270 flights | 5872421 samples | 0.31 flights/s | 4159.9s elapsed
[P0.3 ETL] 1280 flights | 5885457 samples | 0.31 flights/s | 4170.2s elapsed
[P0.3 ETL] 1290 flights | 5922623 samples | 0.31 flights/s | 4196.5s elapsed
[P0.3 ETL] 1300 flights | 5981205 samples | 0.31 flights/s | 4238.9s elapsed
[P0.3 ETL] 1310 flights | 6028219 samples | 0.31 flights/s | 4269.0s elapsed
[P0.3 ETL] 1320 flights | 6116808 samples | 0.30 flights/s | 4332.3s elapsed
[P0.3 ETL] 1330 flights | 6207482 samples | 0.30 flights/s | 4398.0s elapsed
[P0.3 ETL] 1340 flights | 6277643 samples | 0.30 flights/s | 4448.5s elapsed
[P0.3 ETL] 1350 flights | 6332106 samples | 0.30 flights/s | 4488.5s elapsed
[P0.3 ETL] 1360 flights | 6409326 samples | 0.30 flights/s | 4544.7s elapsed
[P0.3 ETL] 1370 flights | 6459508 samples | 0.30 flights/s | 4577.9s elapsed
[P0.3 ETL] 1380 flights | 6545436 samples | 0.30 flights/s | 4634.0s elapsed
[P0.3 ETL] 1390 flights | 6606988 samples | 0.30 flights/s | 4674.9s elapsed
[P0.3 ETL] 1400 flights | 6650690 samples | 0.30 flights/s | 4704.1s elapsed
[P0.3 ETL] 1410 flights | 6756979 samples | 0.30 flights/s | 4775.9s elapsed
[P0.3 ETL] 1420 flights | 6795285 samples | 0.30 flights/s | 4804.0s elapsed
[P0.3 ETL] 1430 flights | 6848366 samples | 0.30 flights/s | 4839.3s elapsed
[P0.3 ETL] 1440 flights | 6932959 samples | 0.29 flights/s | 4896.3s elapsed
[P0.3 ETL] 1450 flights | 6986891 samples | 0.29 flights/s | 4934.9s elapsed
[P0.3 ETL] 1460 flights | 7049678 samples | 0.29 flights/s | 4978.7s elapsed
[P0.3 ETL] 1470 flights | 7131222 samples | 0.29 flights/s | 5036.5s elapsed
[P0.3 ETL] 1480 flights | 7210977 samples | 0.29 flights/s | 5095.4s elapsed
[P0.3 ETL] 1490 flights | 7289545 samples | 0.29 flights/s | 5153.5s elapsed
[P0.3 ETL] 1500 flights | 7361715 samples | 0.29 flights/s | 5203.2s elapsed
[P0.3 ETL] 1510 flights | 7399619 samples | 0.29 flights/s | 5230.6s elapsed
[P0.3 ETL] 1520 flights | 7467582 samples | 0.29 flights/s | 5276.3s elapsed
[P0.3 ETL] 1530 flights | 7547079 samples | 0.29 flights/s | 5332.3s elapsed
[P0.3 ETL] 1540 flights | 7617919 samples | 0.29 flights/s | 5379.6s elapsed
[P0.3 ETL] 1550 flights | 7708390 samples | 0.28 flights/s | 5445.6s elapsed
[P0.3 ETL] 1560 flights | 7770566 samples | 0.28 flights/s | 5486.8s elapsed
[P0.3 ETL] 1570 flights | 7858858 samples | 0.28 flights/s | 5543.6s elapsed
[P0.3 ETL] 1580 flights | 7919923 samples | 0.28 flights/s | 5582.2s elapsed
[P0.3 ETL] 1590 flights | 7978647 samples | 0.28 flights/s | 5625.6s elapsed
[P0.3 ETL] 1600 flights | 8022319 samples | 0.28 flights/s | 5657.4s elapsed
[P0.3 ETL] 1610 flights | 8051314 samples | 0.28 flights/s | 5679.0s elapsed
[P0.3 ETL] 1620 flights | 8112559 samples | 0.28 flights/s | 5723.7s elapsed
[P0.3 ETL] 1630 flights | 8185238 samples | 0.28 flights/s | 5775.3s elapsed
[P0.3 ETL] 1640 flights | 8228750 samples | 0.28 flights/s | 5807.3s elapsed
[P0.3 ETL] 1650 flights | 8290430 samples | 0.28 flights/s | 5849.9s elapsed
[P0.3 ETL] 1660 flights | 8364761 samples | 0.28 flights/s | 5901.8s elapsed
[P0.3 ETL] 1670 flights | 8421543 samples | 0.28 flights/s | 5943.1s elapsed
[P0.3 ETL] 1680 flights | 8508538 samples | 0.28 flights/s | 6003.8s elapsed
[P0.3 ETL] 1690 flights | 8539175 samples | 0.28 flights/s | 6026.9s elapsed
[P0.3 ETL] 1700 flights | 8617442 samples | 0.28 flights/s | 6083.4s elapsed
[P0.3 ETL] 1710 flights | 8686259 samples | 0.28 flights/s | 6130.7s elapsed
[P0.3 ETL] 1720 flights | 8756819 samples | 0.28 flights/s | 6181.3s elapsed
[P0.3 ETL] 1730 flights | 8805583 samples | 0.28 flights/s | 6213.6s elapsed
[P0.3 ETL] 1740 flights | 8853166 samples | 0.28 flights/s | 6246.7s elapsed
[P0.3 ETL] 1750 flights | 8922707 samples | 0.28 flights/s | 6297.3s elapsed
[P0.3 ETL] 1760 flights | 8989104 samples | 0.28 flights/s | 6345.6s elapsed
[P0.3 ETL] 1770 flights | 9093290 samples | 0.28 flights/s | 6420.5s elapsed
[P0.3 ETL] 1780 flights | 9170052 samples | 0.27 flights/s | 6477.0s elapsed
[P0.3 ETL] 1790 flights | 9224471 samples | 0.27 flights/s | 6517.0s elapsed
[P0.3 ETL] 1800 flights | 9307352 samples | 0.27 flights/s | 6574.7s elapsed
[P0.3 ETL] 1810 flights | 9374968 samples | 0.27 flights/s | 6623.3s elapsed
[P0.3 ETL] 1820 flights | 9430820 samples | 0.27 flights/s | 6660.8s elapsed
[P0.3 ETL] 1830 flights | 9504696 samples | 0.27 flights/s | 6713.2s elapsed
[P0.3 ETL] 1840 flights | 9546739 samples | 0.27 flights/s | 6742.5s elapsed
[P0.3 ETL] 1850 flights | 9581092 samples | 0.27 flights/s | 6768.6s elapsed
[P0.3 ETL] 1860 flights | 9641987 samples | 0.27 flights/s | 6813.3s elapsed
[P0.3 ETL] 1870 flights | 9713069 samples | 0.27 flights/s | 6861.1s elapsed
[P0.3 ETL] 1880 flights | 9753607 samples | 0.27 flights/s | 6891.1s elapsed
[P0.3 ETL] 1890 flights | 9829141 samples | 0.27 flights/s | 6946.4s elapsed
[P0.3 ETL] 1900 flights | 9866941 samples | 0.27 flights/s | 6974.8s elapsed
[P0.3 ETL] 1910 flights | 9911213 samples | 0.27 flights/s | 7006.9s elapsed
[P0.3 ETL] 1920 flights | 9994942 samples | 0.27 flights/s | 7062.5s elapsed
[P0.3 ETL] 1930 flights | 10031011 samples | 0.27 flights/s | 7088.2s elapsed
[P0.3 ETL] 1940 flights | 10093458 samples | 0.27 flights/s | 7127.5s elapsed
[P0.3 ETL] 1950 flights | 10141296 samples | 0.27 flights/s | 7159.8s elapsed
[P0.3 ETL] 1960 flights | 10201884 samples | 0.27 flights/s | 7204.7s elapsed
[P0.3 ETL] 1970 flights | 10252427 samples | 0.27 flights/s | 7241.8s elapsed
[P0.3 ETL] 1980 flights | 10327466 samples | 0.27 flights/s | 7294.6s elapsed
[P0.3 ETL] 1990 flights | 10355812 samples | 0.27 flights/s | 7314.6s elapsed
[P0.3 ETL] 2000 flights | 10425426 samples | 0.27 flights/s | 7360.2s elapsed
[P0.3 ETL] 2010 flights | 10472795 samples | 0.27 flights/s | 7395.1s elapsed
[P0.3 ETL] 2020 flights | 10506872 samples | 0.27 flights/s | 7420.0s elapsed
[P0.3 ETL] 2030 flights | 10550555 samples | 0.27 flights/s | 7450.6s elapsed
[P0.3 ETL] 2040 flights | 10590773 samples | 0.27 flights/s | 7479.4s elapsed
[P0.3 ETL] 2050 flights | 10635828 samples | 0.27 flights/s | 7509.0s elapsed
[P0.3 ETL] 2060 flights | 10683905 samples | 0.27 flights/s | 7543.7s elapsed
[P0.3 ETL] 2070 flights | 10752277 samples | 0.27 flights/s | 7587.6s elapsed
[P0.3 ETL] 2080 flights | 10832270 samples | 0.27 flights/s | 7638.5s elapsed
[P0.3 ETL] 2090 flights | 10876762 samples | 0.27 flights/s | 7668.1s elapsed
[P0.3 ETL] 2100 flights | 10932158 samples | 0.27 flights/s | 7707.6s elapsed
[P0.3 ETL] 2110 flights | 10989723 samples | 0.27 flights/s | 7749.4s elapsed
[P0.3 ETL] 2120 flights | 11056404 samples | 0.27 flights/s | 7793.1s elapsed
[P0.3 ETL] 2130 flights | 11104293 samples | 0.27 flights/s | 7825.1s elapsed
[P0.3 ETL] 2140 flights | 11150600 samples | 0.27 flights/s | 7854.8s elapsed
[P0.3 ETL] 2150 flights | 11192266 samples | 0.27 flights/s | 7885.5s elapsed
[P0.3 ETL] 2160 flights | 11245864 samples | 0.27 flights/s | 7922.3s elapsed
[P0.3 ETL] 2170 flights | 11322511 samples | 0.27 flights/s | 7973.2s elapsed
[P0.3 ETL] 2180 flights | 11391206 samples | 0.27 flights/s | 8019.7s elapsed
[P0.3 ETL] 2190 flights | 11432466 samples | 0.27 flights/s | 8048.0s elapsed
[P0.3 ETL] 2200 flights | 11512293 samples | 0.27 flights/s | 8099.9s elapsed
[P0.3 ETL] 2210 flights | 11596925 samples | 0.27 flights/s | 8160.2s elapsed
[P0.3 ETL] 2220 flights | 11648911 samples | 0.27 flights/s | 8195.2s elapsed
[P0.3 ETL] 2230 flights | 11758672 samples | 0.27 flights/s | 8267.7s elapsed
[P0.3 ETL] 2240 flights | 11825151 samples | 0.27 flights/s | 8313.1s elapsed
[P0.3 ETL] 2250 flights | 11883137 samples | 0.27 flights/s | 8349.2s elapsed
[P0.3 ETL] 2260 flights | 11921075 samples | 0.27 flights/s | 8377.5s elapsed
[P0.3 ETL] 2270 flights | 12020745 samples | 0.27 flights/s | 8448.5s elapsed
[P0.3 ETL] 2280 flights | 12119173 samples | 0.27 flights/s | 8517.9s elapsed
[P0.3 ETL] 2290 flights | 12194822 samples | 0.27 flights/s | 8569.4s elapsed
[P0.3 ETL] 2300 flights | 12279053 samples | 0.27 flights/s | 8628.9s elapsed
[P0.3 ETL] 2310 flights | 12321672 samples | 0.27 flights/s | 8659.9s elapsed
[P0.3 ETL] 2320 flights | 12416815 samples | 0.27 flights/s | 8720.1s elapsed
[P0.3 ETL] 2330 flights | 12463598 samples | 0.27 flights/s | 8754.2s elapsed
[P0.3 ETL] 2340 flights | 12524099 samples | 0.27 flights/s | 8798.8s elapsed
[P0.3 ETL] 2350 flights | 12597473 samples | 0.27 flights/s | 8852.3s elapsed
[P0.3 ETL] 2360 flights | 12653847 samples | 0.27 flights/s | 8893.1s elapsed
[P0.3 ETL] 2370 flights | 12696949 samples | 0.27 flights/s | 8924.3s elapsed
[P0.3 ETL] 2380 flights | 12750503 samples | 0.27 flights/s | 8961.4s elapsed
[P0.3 ETL] 2390 flights | 12803566 samples | 0.27 flights/s | 8999.2s elapsed
[P0.3 ETL] 2400 flights | 12854884 samples | 0.27 flights/s | 9037.2s elapsed
[P0.3 ETL] 2410 flights | 12898957 samples | 0.27 flights/s | 9069.1s elapsed
[P0.3 ETL] 2420 flights | 12945273 samples | 0.27 flights/s | 9102.4s elapsed
[P0.3 ETL] 2430 flights | 13027425 samples | 0.27 flights/s | 9159.5s elapsed
[P0.3 ETL] 2440 flights | 13076235 samples | 0.27 flights/s | 9194.9s elapsed
[P0.3 ETL] 2450 flights | 13131921 samples | 0.27 flights/s | 9233.1s elapsed
[P0.3 ETL] 2460 flights | 13215170 samples | 0.26 flights/s | 9287.2s elapsed
[P0.3 ETL] 2470 flights | 13299053 samples | 0.26 flights/s | 9348.8s elapsed
[P0.3 ETL] 2480 flights | 13362087 samples | 0.26 flights/s | 9395.9s elapsed
[P0.3 ETL] 2490 flights | 13377921 samples | 0.26 flights/s | 9409.2s elapsed
[P0.3 ETL] 2500 flights | 13422984 samples | 0.26 flights/s | 9442.4s elapsed
[P0.3 ETL] 2510 flights | 13487274 samples | 0.26 flights/s | 9486.6s elapsed
[P0.3 ETL] 2520 flights | 13502229 samples | 0.27 flights/s | 9497.9s elapsed
[P0.3 ETL] 2530 flights | 13531721 samples | 0.27 flights/s | 9519.9s elapsed
[P0.3 ETL] 2540 flights | 13591225 samples | 0.27 flights/s | 9559.5s elapsed
[P0.3 ETL] 2550 flights | 13677120 samples | 0.27 flights/s | 9622.5s elapsed
[P0.3 ETL] 2560 flights | 13745746 samples | 0.26 flights/s | 9672.4s elapsed
[P0.3 ETL] 2570 flights | 13807220 samples | 0.26 flights/s | 9714.9s elapsed
[P0.3 ETL] 2580 flights | 13880133 samples | 0.26 flights/s | 9765.4s elapsed
[P0.3 ETL] 2590 flights | 13951681 samples | 0.26 flights/s | 9811.5s elapsed
[P0.3 ETL] 2600 flights | 14039418 samples | 0.26 flights/s | 9867.0s elapsed
[P0.3 ETL] 2610 flights | 14118621 samples | 0.26 flights/s | 9918.9s elapsed
[P0.3 ETL] 2620 flights | 14198178 samples | 0.26 flights/s | 9973.8s elapsed
[P0.3 ETL] 2630 flights | 14309352 samples | 0.26 flights/s | 10047.5s elapsed
[P0.3 ETL] 2640 flights | 14355387 samples | 0.26 flights/s | 10079.3s elapsed
[P0.3 ETL] 2650 flights | 14550354 samples | 0.26 flights/s | 10216.5s elapsed
[P0.3 ETL] 2660 flights | 14572587 samples | 0.26 flights/s | 10232.4s elapsed
[P0.3 ETL] 2670 flights | 14661414 samples | 0.26 flights/s | 10300.6s elapsed
[P0.3 ETL] 2680 flights | 14867419 samples | 0.26 flights/s | 10439.8s elapsed
[P0.3 ETL] 2690 flights | 14987926 samples | 0.26 flights/s | 10520.6s elapsed
[P0.3 ETL] 2700 flights | 15086234 samples | 0.25 flights/s | 10588.3s elapsed
[P0.3 ETL] 2710 flights | 15253589 samples | 0.25 flights/s | 10697.1s elapsed
[P0.3 ETL] 2720 flights | 15360439 samples | 0.25 flights/s | 10771.2s elapsed
[P0.3 ETL] 2730 flights | 15461968 samples | 0.25 flights/s | 10844.0s elapsed
[P0.3 ETL] 2740 flights | 15547779 samples | 0.25 flights/s | 10905.4s elapsed
[P0.3 ETL] 2750 flights | 15662688 samples | 0.25 flights/s | 10980.1s elapsed
[P0.3 ETL] 2760 flights | 15735618 samples | 0.25 flights/s | 11032.5s elapsed
[P0.3 ETL] 2770 flights | 15820612 samples | 0.25 flights/s | 11091.6s elapsed
[P0.3 ETL] 2780 flights | 15898468 samples | 0.25 flights/s | 11146.3s elapsed
[P0.3 ETL] 2790 flights | 15993369 samples | 0.25 flights/s | 11203.1s elapsed
[P0.3 ETL] 2800 flights | 16072921 samples | 0.25 flights/s | 11260.3s elapsed
[P0.3 ETL] 2810 flights | 16180571 samples | 0.25 flights/s | 11331.7s elapsed
[P0.3 ETL] 2820 flights | 16314812 samples | 0.25 flights/s | 11427.4s elapsed
[P0.3 ETL] 2830 flights | 16371497 samples | 0.25 flights/s | 11468.3s elapsed
[P0.3 ETL] 2840 flights | 16433688 samples | 0.25 flights/s | 11507.1s elapsed
[P0.3 ETL] 2850 flights | 16507205 samples | 0.25 flights/s | 11558.7s elapsed
[P0.3 ETL] 2860 flights | 16568358 samples | 0.25 flights/s | 11604.9s elapsed
[P0.3 ETL] 2870 flights | 16696480 samples | 0.25 flights/s | 11691.6s elapsed
[P0.3 ETL] 2880 flights | 16785368 samples | 0.25 flights/s | 11750.6s elapsed
[P0.3 ETL] 2890 flights | 16843522 samples | 0.25 flights/s | 11793.5s elapsed
[P0.3 ETL] 2900 flights | 16924825 samples | 0.24 flights/s | 11849.7s elapsed
[P0.3 ETL] 2910 flights | 17004607 samples | 0.24 flights/s | 11901.2s elapsed
[P0.3 ETL] 2920 flights | 17137966 samples | 0.24 flights/s | 11993.5s elapsed
[P0.3 ETL] 2930 flights | 17289080 samples | 0.24 flights/s | 12094.7s elapsed
[P0.3 ETL] 2940 flights | 17395201 samples | 0.24 flights/s | 12160.9s elapsed
[P0.3 ETL] 2950 flights | 17476398 samples | 0.24 flights/s | 12218.4s elapsed
[P0.3 ETL] 2960 flights | 17542345 samples | 0.24 flights/s | 12263.6s elapsed
[P0.3 ETL] 2970 flights | 17637376 samples | 0.24 flights/s | 12329.5s elapsed
[P0.3 ETL] 2980 flights | 17748779 samples | 0.24 flights/s | 12401.4s elapsed
[P0.3 ETL] 2990 flights | 17797169 samples | 0.24 flights/s | 12434.4s elapsed
[P0.3 ETL] 3000 flights | 17883513 samples | 0.24 flights/s | 12489.7s elapsed
[P0.3 ETL] 3010 flights | 17986264 samples | 0.24 flights/s | 12557.9s elapsed
[P0.3 ETL] 3020 flights | 18055501 samples | 0.24 flights/s | 12606.9s elapsed
[P0.3 ETL] 3030 flights | 18158940 samples | 0.24 flights/s | 12682.1s elapsed
[P0.3 ETL] 3040 flights | 18254033 samples | 0.24 flights/s | 12750.1s elapsed
[P0.3 ETL] 3050 flights | 18314867 samples | 0.24 flights/s | 12791.0s elapsed
[P0.3 ETL] 3060 flights | 18400587 samples | 0.24 flights/s | 12850.2s elapsed
[P0.3 ETL] 3070 flights | 18500037 samples | 0.24 flights/s | 12920.4s elapsed
[P0.3 ETL] 3080 flights | 18587618 samples | 0.24 flights/s | 12977.7s elapsed
[P0.3 ETL] 3090 flights | 18694111 samples | 0.24 flights/s | 13046.9s elapsed
[P0.3 ETL] 3100 flights | 18809114 samples | 0.24 flights/s | 13124.7s elapsed
[P0.3 ETL] 3110 flights | 18955163 samples | 0.24 flights/s | 13227.9s elapsed
[P0.3 ETL] 3120 flights | 19065750 samples | 0.23 flights/s | 13304.4s elapsed
[P0.3 ETL] 3130 flights | 19231902 samples | 0.23 flights/s | 13414.7s elapsed
[P0.3 ETL] 3140 flights | 19353901 samples | 0.23 flights/s | 13495.7s elapsed
[P0.3 ETL] 3150 flights | 19402232 samples | 0.23 flights/s | 13533.9s elapsed
[P0.3 ETL] 3160 flights | 19476273 samples | 0.23 flights/s | 13585.1s elapsed
[P0.3 ETL] 3170 flights | 19583168 samples | 0.23 flights/s | 13656.7s elapsed
[P0.3 ETL] 3180 flights | 19680788 samples | 0.23 flights/s | 13720.1s elapsed
[P0.3 ETL] 3190 flights | 19790375 samples | 0.23 flights/s | 13795.1s elapsed
[P0.3 ETL] 3200 flights | 19904234 samples | 0.23 flights/s | 13867.3s elapsed
[P0.3 ETL] 3210 flights | 20016584 samples | 0.23 flights/s | 13942.0s elapsed
[P0.3 ETL] 3220 flights | 20089064 samples | 0.23 flights/s | 13991.9s elapsed
[P0.3 ETL] 3230 flights | 20188911 samples | 0.23 flights/s | 14054.6s elapsed
[P0.3 ETL] 3240 flights | 20253908 samples | 0.23 flights/s | 14099.6s elapsed
[P0.3 ETL] 3250 flights | 20318070 samples | 0.23 flights/s | 14146.2s elapsed
[P0.3 ETL] 3260 flights | 20429097 samples | 0.23 flights/s | 14223.4s elapsed
[P0.3 ETL] 3270 flights | 20520735 samples | 0.23 flights/s | 14283.6s elapsed
[P0.3 ETL] 3280 flights | 20636320 samples | 0.23 flights/s | 14365.8s elapsed
[P0.3 ETL] 3290 flights | 20785538 samples | 0.23 flights/s | 14471.3s elapsed
[P0.3 ETL] 3300 flights | 20862233 samples | 0.23 flights/s | 14526.3s elapsed
[P0.3 ETL] 3310 flights | 20962159 samples | 0.23 flights/s | 14597.8s elapsed
[P0.3 ETL] 3320 flights | 21069909 samples | 0.23 flights/s | 14673.4s elapsed
[P0.3 ETL] 3330 flights | 21182437 samples | 0.23 flights/s | 14751.3s elapsed
[P0.3 ETL] 3340 flights | 21274090 samples | 0.23 flights/s | 14816.7s elapsed
[P0.3 ETL] 3350 flights | 21371919 samples | 0.23 flights/s | 14886.9s elapsed
[P0.3 ETL] 3360 flights | 21453167 samples | 0.22 flights/s | 14943.5s elapsed
[P0.3 ETL] 3370 flights | 21505279 samples | 0.22 flights/s | 14979.9s elapsed
[P0.3 ETL] 3380 flights | 21587937 samples | 0.22 flights/s | 15033.8s elapsed
[P0.3 ETL] 3390 flights | 21661409 samples | 0.22 flights/s | 15084.0s elapsed
[P0.3 ETL] 3400 flights | 21761410 samples | 0.22 flights/s | 15148.0s elapsed
[P0.3 ETL] 3410 flights | 21836730 samples | 0.22 flights/s | 15201.8s elapsed
[P0.3 ETL] 3420 flights | 21942167 samples | 0.22 flights/s | 15274.8s elapsed
[P0.3 ETL] 3430 flights | 22076123 samples | 0.22 flights/s | 15366.0s elapsed
[P0.3 ETL] 3440 flights | 22163088 samples | 0.22 flights/s | 15422.2s elapsed
[P0.3 ETL] 3450 flights | 22223190 samples | 0.22 flights/s | 15462.5s elapsed
[P0.3 ETL] 3460 flights | 22315814 samples | 0.22 flights/s | 15525.9s elapsed
[P0.3 ETL] 3470 flights | 22400542 samples | 0.22 flights/s | 15587.9s elapsed
[P0.3 ETL] 3480 flights | 22519857 samples | 0.22 flights/s | 15667.2s elapsed
[P0.3 ETL] 3490 flights | 22646576 samples | 0.22 flights/s | 15746.9s elapsed
[P0.3 ETL] 3500 flights | 22737582 samples | 0.22 flights/s | 15804.3s elapsed
[P0.3 ETL] 3510 flights | 22878113 samples | 0.22 flights/s | 15897.0s elapsed
[P0.3 ETL] 3520 flights | 23007996 samples | 0.22 flights/s | 15985.2s elapsed
[P0.3 ETL] 3530 flights | 23102897 samples | 0.22 flights/s | 16045.9s elapsed
[P0.3 ETL] 3540 flights | 23219779 samples | 0.22 flights/s | 16123.7s elapsed
[P0.3 ETL] 3550 flights | 23365001 samples | 0.22 flights/s | 16222.6s elapsed
[P0.3 ETL] 3560 flights | 23502892 samples | 0.22 flights/s | 16317.4s elapsed
[P0.3 ETL] 3570 flights | 23633889 samples | 0.22 flights/s | 16407.5s elapsed
[P0.3 ETL] 3580 flights | 23697262 samples | 0.22 flights/s | 16453.3s elapsed
[P0.3 ETL] 3590 flights | 23788721 samples | 0.22 flights/s | 16518.4s elapsed
[P0.3 ETL] 3600 flights | 23935950 samples | 0.22 flights/s | 16614.2s elapsed
[P0.3 ETL] 3610 flights | 24066888 samples | 0.22 flights/s | 16702.2s elapsed
[P0.3 ETL] 3620 flights | 24122952 samples | 0.22 flights/s | 16742.7s elapsed
[P0.3 ETL] 3630 flights | 24234536 samples | 0.22 flights/s | 16813.9s elapsed
[P0.3 ETL] 3640 flights | 24297835 samples | 0.22 flights/s | 16859.0s elapsed
[P0.3 ETL] 3650 flights | 24380005 samples | 0.22 flights/s | 16919.7s elapsed
[P0.3 ETL] 3660 flights | 24477184 samples | 0.22 flights/s | 16981.3s elapsed
[P0.3 ETL] 3670 flights | 24577288 samples | 0.22 flights/s | 17052.7s elapsed
[P0.3 ETL] 3680 flights | 24645284 samples | 0.22 flights/s | 17098.5s elapsed
[P0.3 ETL] 3690 flights | 24715743 samples | 0.22 flights/s | 17149.9s elapsed
[P0.3 ETL] 3700 flights | 24841439 samples | 0.21 flights/s | 17237.5s elapsed
[P0.3 ETL] 3710 flights | 24902363 samples | 0.21 flights/s | 17280.5s elapsed
[P0.3 ETL] 3720 flights | 25009390 samples | 0.21 flights/s | 17352.7s elapsed
[P0.3 ETL] 3730 flights | 25129533 samples | 0.21 flights/s | 17435.9s elapsed
[P0.3 ETL] 3740 flights | 25200038 samples | 0.21 flights/s | 17487.9s elapsed
[P0.3 ETL] 3750 flights | 25319185 samples | 0.21 flights/s | 17563.9s elapsed
[P0.3 ETL] 3760 flights | 25432698 samples | 0.21 flights/s | 17642.9s elapsed
[P0.3 ETL] 3770 flights | 25540378 samples | 0.21 flights/s | 17719.2s elapsed
[P0.3 ETL] 3780 flights | 25624901 samples | 0.21 flights/s | 17779.0s elapsed
[P0.3 ETL] 3790 flights | 25702293 samples | 0.21 flights/s | 17834.1s elapsed
[P0.3 ETL] 3800 flights | 25761265 samples | 0.21 flights/s | 17876.2s elapsed
[P0.3 ETL] 3810 flights | 25871572 samples | 0.21 flights/s | 17947.1s elapsed
[P0.3 ETL] 3820 flights | 26012068 samples | 0.21 flights/s | 18047.9s elapsed
[P0.3 ETL] 3830 flights | 26108684 samples | 0.21 flights/s | 18113.3s elapsed
[P0.3 ETL] 3840 flights | 26175366 samples | 0.21 flights/s | 18160.4s elapsed
[P0.3 ETL] 3850 flights | 26230754 samples | 0.21 flights/s | 18200.4s elapsed
[P0.3 ETL] 3860 flights | 26355454 samples | 0.21 flights/s | 18276.1s elapsed
[P0.3 ETL] 3870 flights | 26426605 samples | 0.21 flights/s | 18325.4s elapsed
[P0.3 ETL] 3880 flights | 26508927 samples | 0.21 flights/s | 18380.2s elapsed
[P0.3 ETL] 3890 flights | 26625278 samples | 0.21 flights/s | 18459.3s elapsed
[P0.3 ETL] 3900 flights | 26771771 samples | 0.21 flights/s | 18552.5s elapsed
[P0.3 ETL] 3910 flights | 26850916 samples | 0.21 flights/s | 18609.5s elapsed
[P0.3 ETL] 3920 flights | 27000729 samples | 0.21 flights/s | 18712.5s elapsed
[P0.3 ETL] 3930 flights | 27097331 samples | 0.21 flights/s | 18771.2s elapsed
[P0.3 ETL] 3940 flights | 27232014 samples | 0.21 flights/s | 18859.7s elapsed
[P0.3 ETL] 3950 flights | 27357491 samples | 0.21 flights/s | 18943.9s elapsed
[P0.3 ETL] 3960 flights | 27438344 samples | 0.21 flights/s | 18997.7s elapsed
[P0.3 ETL] 3970 flights | 27558116 samples | 0.21 flights/s | 19075.7s elapsed
[P0.3 ETL] 3980 flights | 27686686 samples | 0.21 flights/s | 19162.9s elapsed
[P0.3 ETL] 3990 flights | 27789219 samples | 0.21 flights/s | 19236.1s elapsed
[P0.3 ETL] 4000 flights | 27851301 samples | 0.21 flights/s | 19280.1s elapsed
[P0.3 ETL] 4010 flights | 27935384 samples | 0.21 flights/s | 19338.1s elapsed
[P0.3 ETL] 4020 flights | 28069472 samples | 0.21 flights/s | 19433.0s elapsed
[P0.3 ETL] 4030 flights | 28150290 samples | 0.21 flights/s | 19487.2s elapsed
[P0.3 ETL] 4040 flights | 28290590 samples | 0.21 flights/s | 19582.3s elapsed
[P0.3 ETL] 4050 flights | 28357082 samples | 0.21 flights/s | 19628.4s elapsed
[P0.3 ETL] 4060 flights | 28474473 samples | 0.21 flights/s | 19707.5s elapsed
[P0.3 ETL] 4070 flights | 28573011 samples | 0.21 flights/s | 19772.6s elapsed
[P0.3 ETL] 4080 flights | 28669467 samples | 0.21 flights/s | 19839.6s elapsed
[P0.3 ETL] 4090 flights | 28764613 samples | 0.21 flights/s | 19899.8s elapsed
[P0.3 ETL] 4100 flights | 28893596 samples | 0.21 flights/s | 19986.4s elapsed
[P0.3 ETL] 4110 flights | 29042954 samples | 0.20 flights/s | 20085.0s elapsed
[P0.3 ETL] 4120 flights | 29212333 samples | 0.20 flights/s | 20193.3s elapsed
[P0.3 ETL] 4130 flights | 29297116 samples | 0.20 flights/s | 20254.2s elapsed
[P0.3 ETL] 4140 flights | 29425317 samples | 0.20 flights/s | 20340.4s elapsed
[P0.3 ETL] 4150 flights | 29502974 samples | 0.20 flights/s | 20395.9s elapsed
[P0.3 ETL] 4160 flights | 29581501 samples | 0.20 flights/s | 20451.2s elapsed
[P0.3 ETL] 4170 flights | 29668273 samples | 0.20 flights/s | 20511.8s elapsed/home/atogni/Scrivania/rongowai-earth-surface-classifier/rework/data/feature_extractor.py:128: RuntimeWarning: Precision loss occurred in moment calculation due to catastrophic cancellation. This occurs when the data are nearly identical. Results may be unreliable.
  sk = float(skew(x))
/home/atogni/Scrivania/rongowai-earth-surface-classifier/rework/data/feature_extractor.py:129: RuntimeWarning: Precision loss occurred in moment calculation due to catastrophic cancellation. This occurs when the data are nearly identical. Results may be unreliable.
  kt = float(kurtosis(x))
